Apr 30, 2026 2:35:19 PM wrapper.ResilientAPIWrapper call
INFO: SUCCESS_CALL : SUCCESS
Apr 30, 2026 2:35:19 PM wrapper.ResilientAPIWrapper handleRateLimit
WARNING: RATE_LIMIT_CALL : Rate limited. Retrying after 2 seconds
Apr 30, 2026 2:35:21 PM wrapper.ResilientAPIWrapper handleRateLimit
INFO: RATE_LIMIT_CALL : SUCCESS after retry
Apr 30, 2026 2:35:21 PM wrapper.ResilientAPIWrapper recordFailure
SEVERE: AUTH_ERROR_CALL : FAILURE - AuthenticationException - Invalid API credentials
Apr 30, 2026 2:35:21 PM wrapper.ResilientAPIWrapper call
SEVERE: AUTH_ERROR_CALL : Authentication failed. Alerting operator.
Apr 30, 2026 2:35:21 PM wrapper.ResilientAPIWrapper recordFailure
SEVERE: SERVICE_DOWN_CALL : FAILURE - ServiceUnavailableException - Service is temporarily unavailable
Apr 30, 2026 2:35:21 PM wrapper.ResilientAPIWrapper call
SEVERE: SERVICE_DOWN_CALL : Service unavailable.
Apr 30, 2026 2:35:21 PM wrapper.ResilientAPIWrapper call
WARNING: BAD_RESPONSE_CALL : Malformed response. Continuing.
Apr 30, 2026 2:35:21 PM wrapper.ResilientAPIWrapper recordFailure
SEVERE: FAIL_CALL_1 : FAILURE - ServiceUnavailableException - Service still failing
Apr 30, 2026 2:35:21 PM wrapper.ResilientAPIWrapper call
SEVERE: FAIL_CALL_1 : Service unavailable.
Apr 30, 2026 2:35:21 PM wrapper.ResilientAPIWrapper recordFailure
SEVERE: FAIL_CALL_2 : FAILURE - ServiceUnavailableException - Service still failing
Apr 30, 2026 2:35:21 PM wrapper.ResilientAPIWrapper call
SEVERE: FAIL_CALL_2 : Service unavailable.
Apr 30, 2026 2:35:21 PM wrapper.ResilientAPIWrapper recordFailure
SEVERE: FAIL_CALL_3 : FAILURE - ServiceUnavailableException - Service still failing
