Apr 28, 2026 2:26:21 PM main.Main main
INFO: Starting Cash Flow Forecaster
Apr 28, 2026 2:26:21 PM main.Main main
INFO: Seed data loaded successfully
Apr 28, 2026 2:26:21 PM main.Main main
INFO: ----- Daily Net Flows -----
Apr 28, 2026 2:26:21 PM main.Main main
INFO: 2024-03-01 Net Flow: Rs.1,200,000.00
Apr 28, 2026 2:26:21 PM main.Main main
INFO: 2024-03-02 Net Flow: Rs.-200,000.00
Apr 28, 2026 2:26:21 PM main.Main main
INFO: 2024-03-03 Net Flow: Rs.200,000.00
Apr 28, 2026 2:26:21 PM main.Main main
INFO: 2024-03-04 Net Flow: Rs.300,000.00
Apr 28, 2026 2:26:21 PM main.Main main
INFO: 2024-03-05 Net Flow: Rs.-850,000.00
Apr 28, 2026 2:26:21 PM main.Main main
INFO: 2024-03-06 Net Flow: Rs.-450,000.00
Apr 28, 2026 2:26:21 PM main.Main main
INFO: 2024-03-07 Net Flow: Rs.350,000.00
Apr 28, 2026 2:26:21 PM main.Main main
INFO: 2024-03-08 Net Flow: Rs.850,000.00
Apr 28, 2026 2:26:21 PM main.Main main
INFO: 2024-03-09 Net Flow: Rs.50,000.00
Apr 28, 2026 2:26:21 PM main.Main main
INFO: 2024-03-10 Net Flow: Rs.350,000.00
Apr 28, 2026 2:26:21 PM main.Main main
INFO: Cumulative Balance: Rs.550,000.00
Apr 28, 2026 2:26:21 PM main.Main main
INFO: ----- Liquidity Alerts -----
Apr 28, 2026 2:26:21 PM java.util.ArrayList forEach
WARNING: LIQUIDITY ALERT: 2024-03-06 balance Rs.200,000.00 below minimum Rs.500,000.00
Apr 28, 2026 2:26:21 PM main.Main main
INFO: ----- Forecast Summary -----
Apr 28, 2026 2:26:21 PM main.Main main
INFO: 
Forecast Summary 
Total Inflows : 7800000.0
Total Outflows: 6000000.0
Net Flow      : 1800000.0

Category Breakdown:
PAYABLE : 3200000.0
LOAN_REPAYMENT : 1850000.0
RECEIVABLE : 6700000.0
INVESTMENT : 2050000.0

Apr 28, 2026 2:26:21 PM main.Main main
WARNING: Liquidity Risk Detected
Apr 28, 2026 2:26:21 PM main.Main main
INFO: Cash Flow Forecast Completed
Apr 28, 2026 2:38:36 PM main.Main main
INFO: Starting Treasury Cash Flow Forecaster
Apr 28, 2026 2:38:36 PM main.Main main
INFO: Seed data loaded successfully
Apr 28, 2026 2:38:36 PM main.Main main
INFO: ----- Daily Net Flows -----
Apr 28, 2026 2:38:36 PM main.Main main
INFO: 2024-03-01 Net Flow: Rs.1,200,000.00
Apr 28, 2026 2:38:36 PM main.Main main
INFO: 2024-03-02 Net Flow: Rs.-200,000.00
Apr 28, 2026 2:38:36 PM main.Main main
INFO: 2024-03-03 Net Flow: Rs.200,000.00
Apr 28, 2026 2:38:36 PM main.Main main
INFO: 2024-03-04 Net Flow: Rs.300,000.00
Apr 28, 2026 2:38:36 PM main.Main main
INFO: 2024-03-05 Net Flow: Rs.-850,000.00
Apr 28, 2026 2:38:36 PM main.Main main
INFO: 2024-03-06 Net Flow: Rs.-450,000.00
Apr 28, 2026 2:38:36 PM main.Main main
INFO: 2024-03-07 Net Flow: Rs.350,000.00
Apr 28, 2026 2:38:36 PM main.Main main
INFO: 2024-03-08 Net Flow: Rs.850,000.00
Apr 28, 2026 2:38:36 PM main.Main main
INFO: 2024-03-09 Net Flow: Rs.50,000.00
Apr 28, 2026 2:38:36 PM main.Main main
INFO: 2024-03-10 Net Flow: Rs.350,000.00
Apr 28, 2026 2:38:36 PM main.Main main
INFO: Cumulative Balance 2024-03-01 to 2024-03-07: Rs.550,000.00
Apr 28, 2026 2:38:36 PM main.Main main
INFO: ----- Liquidity Alerts -----
Apr 28, 2026 2:38:36 PM java.util.ArrayList forEach
WARNING: LIQUIDITY ALERT: 2024-03-06 balance Rs.200,000.00 below minimum Rs.500,000.00
Apr 28, 2026 2:38:36 PM main.Main main
INFO: ----- Forecast Summary -----
Apr 28, 2026 2:38:36 PM main.Main main
INFO: 
Forecast Summary 
Total Inflows : 7800000.0
Total Outflows: 6000000.0
Net Flow      : 1800000.0

Category Breakdown:
PAYABLE : 3200000.0
LOAN_REPAYMENT : 1850000.0
RECEIVABLE : 6700000.0
INVESTMENT : 2050000.0

Apr 28, 2026 2:38:36 PM main.Main main
WARNING: Liquidity Risk Detected
Apr 28, 2026 2:38:36 PM main.Main main
INFO: Cash Flow Forecast Completed
Apr 28, 2026 2:42:32 PM main.Main main
INFO: Starting Treasury Cash Flow Forecaster
Apr 28, 2026 2:42:32 PM main.Main main
INFO: Seed data loaded successfully
Apr 28, 2026 2:42:32 PM main.Main main
INFO: ----- Daily Net Flows -----
Apr 28, 2026 2:42:32 PM main.Main main
INFO: 2024-03-01 Net Flow: Rs.1,200,000.00
Apr 28, 2026 2:42:32 PM main.Main main
INFO: 2024-03-02 Net Flow: Rs.-200,000.00
Apr 28, 2026 2:42:32 PM main.Main main
INFO: 2024-03-03 Net Flow: Rs.200,000.00
Apr 28, 2026 2:42:32 PM main.Main main
INFO: 2024-03-04 Net Flow: Rs.300,000.00
Apr 28, 2026 2:42:32 PM main.Main main
INFO: 2024-03-05 Net Flow: Rs.-850,000.00
Apr 28, 2026 2:42:32 PM main.Main main
INFO: 2024-03-06 Net Flow: Rs.-450,000.00
Apr 28, 2026 2:42:32 PM main.Main main
INFO: 2024-03-07 Net Flow: Rs.350,000.00
Apr 28, 2026 2:42:32 PM main.Main main
INFO: 2024-03-08 Net Flow: Rs.850,000.00
Apr 28, 2026 2:42:32 PM main.Main main
INFO: 2024-03-09 Net Flow: Rs.50,000.00
Apr 28, 2026 2:42:32 PM main.Main main
INFO: 2024-03-10 Net Flow: Rs.350,000.00
Apr 28, 2026 2:42:32 PM main.Main main
INFO: Cumulative Balance 2024-03-01 to 2024-03-07: Rs.550,000.00
Apr 28, 2026 2:42:32 PM main.Main main
INFO: ----- Liquidity Alerts -----
Apr 28, 2026 2:42:32 PM java.util.ArrayList forEach
WARNING: LIQUIDITY ALERT: 2024-03-06 balance Rs.200,000.00 below minimum Rs.500,000.00
Apr 28, 2026 2:42:32 PM main.Main main
INFO: ----- Forecast Summary -----
Apr 28, 2026 2:42:32 PM main.Main main
INFO: 
Forecast Summary 
Total Inflows : 7800000.0
Total Outflows: 6000000.0
Net Flow      : 1800000.0

Category Breakdown:
PAYABLE : 3200000.0
LOAN_REPAYMENT : 1850000.0
RECEIVABLE : 6700000.0
INVESTMENT : 2050000.0

Apr 28, 2026 2:42:32 PM main.Main main
WARNING: Liquidity Risk Detected
Apr 28, 2026 2:42:32 PM main.Main main
INFO: Cash Flow Forecast Completed
Apr 28, 2026 5:25:51 PM main.Main main
INFO: Starting Treasury Cash Flow Forecaster
Apr 28, 2026 5:25:51 PM main.Main main
INFO: Seed data loaded successfully
Apr 28, 2026 5:25:51 PM main.Main main
INFO: ----- Daily Net Flows -----
Apr 28, 2026 5:25:51 PM main.Main main
INFO: 2024-03-01 Net Flow: Rs.1,200,000.00
Apr 28, 2026 5:25:51 PM main.Main main
INFO: 2024-03-02 Net Flow: Rs.-200,000.00
Apr 28, 2026 5:25:51 PM main.Main main
INFO: 2024-03-03 Net Flow: Rs.200,000.00
Apr 28, 2026 5:25:51 PM main.Main main
INFO: 2024-03-04 Net Flow: Rs.300,000.00
Apr 28, 2026 5:25:51 PM main.Main main
INFO: 2024-03-05 Net Flow: Rs.-850,000.00
Apr 28, 2026 5:25:51 PM main.Main main
INFO: 2024-03-06 Net Flow: Rs.-450,000.00
Apr 28, 2026 5:25:51 PM main.Main main
INFO: 2024-03-07 Net Flow: Rs.350,000.00
Apr 28, 2026 5:25:51 PM main.Main main
INFO: 2024-03-08 Net Flow: Rs.850,000.00
Apr 28, 2026 5:25:51 PM main.Main main
INFO: 2024-03-09 Net Flow: Rs.50,000.00
Apr 28, 2026 5:25:51 PM main.Main main
INFO: 2024-03-10 Net Flow: Rs.350,000.00
Apr 28, 2026 5:25:51 PM main.Main main
INFO: Cumulative Balance 2024-03-01 to 2024-03-07: Rs.550,000.00
Apr 28, 2026 5:25:51 PM main.Main main
INFO: ----- Liquidity Alerts -----
Apr 28, 2026 5:25:51 PM java.util.ArrayList forEach
WARNING: LIQUIDITY ALERT: 2024-03-06 balance Rs.200,000.00 below minimum Rs.500,000.00
Apr 28, 2026 5:25:51 PM main.Main main
INFO: ----- Forecast Summary -----
Apr 28, 2026 5:25:51 PM main.Main main
INFO: 
Forecast Summary 
Total Inflows : 7800000.0
Total Outflows: 6000000.0
Net Flow      : 1800000.0

Category Breakdown:
PAYABLE : 3200000.0
LOAN_REPAYMENT : 1850000.0
RECEIVABLE : 6700000.0
INVESTMENT : 2050000.0

Apr 28, 2026 5:25:51 PM main.Main main
WARNING: Liquidity Risk Detected
Apr 28, 2026 5:25:51 PM main.Main main
INFO: Cash Flow Forecast Completed
Apr 30, 2026 11:59:16 AM main.Main main
INFO: Starting Treasury Cash Flow Forecaster
Apr 30, 2026 11:59:16 AM main.Main main
INFO: Seed data loaded successfully
Apr 30, 2026 11:59:16 AM main.Main main
INFO: ----- Daily Net Flows -----
Apr 30, 2026 11:59:16 AM main.Main main
INFO: 2024-03-01 Net Flow: Rs.1,200,000.00
Apr 30, 2026 11:59:16 AM main.Main main
INFO: 2024-03-02 Net Flow: Rs.-200,000.00
Apr 30, 2026 11:59:16 AM main.Main main
INFO: 2024-03-03 Net Flow: Rs.200,000.00
Apr 30, 2026 11:59:16 AM main.Main main
INFO: 2024-03-04 Net Flow: Rs.300,000.00
Apr 30, 2026 11:59:16 AM main.Main main
INFO: 2024-03-05 Net Flow: Rs.-850,000.00
Apr 30, 2026 11:59:16 AM main.Main main
INFO: 2024-03-06 Net Flow: Rs.-450,000.00
Apr 30, 2026 11:59:16 AM main.Main main
INFO: 2024-03-07 Net Flow: Rs.350,000.00
Apr 30, 2026 11:59:16 AM main.Main main
INFO: 2024-03-08 Net Flow: Rs.850,000.00
Apr 30, 2026 11:59:16 AM main.Main main
INFO: 2024-03-09 Net Flow: Rs.50,000.00
Apr 30, 2026 11:59:16 AM main.Main main
INFO: 2024-03-10 Net Flow: Rs.350,000.00
Apr 30, 2026 11:59:16 AM main.Main main
INFO: Cumulative Balance 2024-03-01 to 2024-03-07: Rs.550,000.00
Apr 30, 2026 11:59:16 AM main.Main main
INFO: ----- Liquidity Alerts -----
Apr 30, 2026 11:59:16 AM java.util.ArrayList forEach
WARNING: LIQUIDITY ALERT: 2024-03-06 balance Rs.200,000.00 below minimum Rs.500,000.00
Apr 30, 2026 11:59:16 AM main.Main main
INFO: ----- Forecast Summary -----
Apr 30, 2026 11:59:16 AM main.Main main
INFO: 
Forecast Summary 
Total Inflows : 7800000.0
Total Outflows: 6000000.0
Net Flow      : 1800000.0

Category Breakdown:
PAYABLE : 3200000.0
LOAN_REPAYMENT : 1850000.0
RECEIVABLE : 6700000.0
INVESTMENT : 2050000.0

Apr 30, 2026 11:59:16 AM main.Main main
WARNING: Liquidity Risk Detected
Apr 30, 2026 11:59:16 AM main.Main main
INFO: Cash Flow Forecast Completed
Apr 30, 2026 12:05:32 PM main.Main main
INFO: Starting Treasury Cash Flow Forecaster
Apr 30, 2026 12:05:32 PM main.Main main
INFO: Seed data loaded successfully
Apr 30, 2026 12:05:32 PM main.Main main
INFO: ----- Daily Net Flows -----
Apr 30, 2026 12:05:32 PM main.Main main
INFO: 2024-03-01 Net Flow: Rs.1,200,000.00
Apr 30, 2026 12:05:32 PM main.Main main
INFO: 2024-03-02 Net Flow: Rs.-200,000.00
Apr 30, 2026 12:05:32 PM main.Main main
INFO: 2024-03-03 Net Flow: Rs.200,000.00
Apr 30, 2026 12:05:32 PM main.Main main
INFO: 2024-03-04 Net Flow: Rs.300,000.00
Apr 30, 2026 12:05:32 PM main.Main main
INFO: 2024-03-05 Net Flow: Rs.-850,000.00
Apr 30, 2026 12:05:32 PM main.Main main
INFO: 2024-03-06 Net Flow: Rs.-450,000.00
Apr 30, 2026 12:05:32 PM main.Main main
INFO: 2024-03-07 Net Flow: Rs.350,000.00
Apr 30, 2026 12:05:32 PM main.Main main
INFO: 2024-03-08 Net Flow: Rs.850,000.00
Apr 30, 2026 12:05:32 PM main.Main main
INFO: 2024-03-09 Net Flow: Rs.50,000.00
Apr 30, 2026 12:05:32 PM main.Main main
INFO: 2024-03-10 Net Flow: Rs.350,000.00
Apr 30, 2026 12:05:32 PM main.Main main
INFO: Cumulative Balance 2024-03-01 to 2024-03-07: Rs.550,000.00
Apr 30, 2026 12:05:32 PM main.Main main
INFO: ----- Liquidity Alerts -----
Apr 30, 2026 12:05:32 PM java.util.ArrayList forEach
WARNING: LIQUIDITY ALERT: 2024-03-06 balance Rs.200,000.00 below minimum Rs.500,000.00
Apr 30, 2026 12:05:32 PM main.Main main
INFO: ----- Forecast Summary -----
Apr 30, 2026 12:05:32 PM main.Main main
INFO: 
Forecast Summary 
Total Inflows : 7800000.0
Total Outflows: 6000000.0
Net Flow      : 1800000.0

Category Breakdown:
PAYABLE : 3200000.0
LOAN_REPAYMENT : 1850000.0
RECEIVABLE : 6700000.0
INVESTMENT : 2050000.0

Apr 30, 2026 12:05:32 PM main.Main main
WARNING: Liquidity Risk Detected
Apr 30, 2026 12:05:32 PM java.util.ArrayList forEach
WARNING: LIQUIDITY ALERT: 2024-03-06 balance Rs.200,000.00 below minimum Rs.500,000.00
Apr 30, 2026 12:05:32 PM main.Main main
INFO: Cash Flow Forecast Completed
Apr 30, 2026 3:37:59 PM main.Main main
INFO: Starting Treasury Cash Flow Forecaster
Apr 30, 2026 3:37:59 PM main.Main main
INFO: Seed data loaded successfully
Apr 30, 2026 3:37:59 PM main.Main main
INFO: ----- Daily Net Flows -----
Apr 30, 2026 3:37:59 PM main.Main main
INFO: 2024-03-01 Net Flow: Rs.1,200,000.00
Apr 30, 2026 3:37:59 PM main.Main main
INFO: 2024-03-02 Net Flow: Rs.-200,000.00
Apr 30, 2026 3:37:59 PM main.Main main
INFO: 2024-03-03 Net Flow: Rs.200,000.00
Apr 30, 2026 3:37:59 PM main.Main main
INFO: 2024-03-04 Net Flow: Rs.300,000.00
Apr 30, 2026 3:37:59 PM main.Main main
INFO: 2024-03-05 Net Flow: Rs.-850,000.00
Apr 30, 2026 3:37:59 PM main.Main main
INFO: 2024-03-06 Net Flow: Rs.-450,000.00
Apr 30, 2026 3:37:59 PM main.Main main
INFO: 2024-03-07 Net Flow: Rs.350,000.00
Apr 30, 2026 3:37:59 PM main.Main main
INFO: 2024-03-08 Net Flow: Rs.850,000.00
Apr 30, 2026 3:37:59 PM main.Main main
INFO: 2024-03-09 Net Flow: Rs.50,000.00
Apr 30, 2026 3:37:59 PM main.Main main
INFO: 2024-03-10 Net Flow: Rs.350,000.00
Apr 30, 2026 3:37:59 PM main.Main main
INFO: Cumulative Balance 2024-03-01 to 2024-03-07: Rs.550,000.00
Apr 30, 2026 3:37:59 PM main.Main main
INFO: ----- Liquidity Alerts -----
Apr 30, 2026 3:37:59 PM java.util.ArrayList forEach
WARNING: LIQUIDITY ALERT: 2024-03-06 balance Rs.200,000.00 below minimum Rs.500,000.00
Apr 30, 2026 3:37:59 PM main.Main main
INFO: ----- Forecast Summary -----
Apr 30, 2026 3:37:59 PM main.Main main
INFO: 
Forecast Summary 
Total Inflows : 7800000.0
Total Outflows: 6000000.0
Net Flow      : 1800000.0

Category Breakdown:
PAYABLE : 3200000.0
LOAN_REPAYMENT : 1850000.0
RECEIVABLE : 6700000.0
INVESTMENT : 2050000.0

Apr 30, 2026 3:37:59 PM main.Main main
WARNING: Liquidity Risk Detected
Apr 30, 2026 3:37:59 PM java.util.ArrayList forEach
WARNING: LIQUIDITY ALERT: 2024-03-06 balance Rs.200,000.00 below minimum Rs.500,000.00
Apr 30, 2026 3:37:59 PM main.Main main
INFO: Cash Flow Forecast Completed
