May 11, 2026 9:50:42 AM util.LoggerUtil info
INFO: Application Started
May 11, 2026 9:50:42 AM util.LoggerUtil info
INFO: createdACC101
May 11, 2026 9:50:42 AM util.LoggerUtil info
INFO: createdACC102
May 11, 2026 10:08:16 AM util.LoggerUtil info
INFO: Application Started
May 11, 2026 10:08:16 AM util.LoggerUtil info
INFO: creating started
May 11, 2026 10:08:16 AM util.LoggerUtil error
SEVERE: error creating accountThe system cannot find the path specified
May 11, 2026 10:08:16 AM util.LoggerUtil info
INFO: creating started
May 11, 2026 10:08:16 AM util.LoggerUtil error
SEVERE: error creating accountThe system cannot find the path specified
May 11, 2026 10:09:28 AM util.LoggerUtil info
INFO: Application Started
May 11, 2026 10:09:29 AM util.LoggerUtil info
INFO: creating started
May 11, 2026 10:09:29 AM util.LoggerUtil info
INFO: account createdACC101
May 11, 2026 10:09:29 AM util.LoggerUtil info
INFO: creating started
May 11, 2026 10:09:29 AM util.LoggerUtil info
INFO: account createdACC102
May 11, 2026 11:22:58 AM util.LoggerUtil info
INFO: Application Started
May 11, 2026 11:22:58 AM util.LoggerUtil info
INFO: creating started
May 11, 2026 11:22:58 AM util.LoggerUtil info
INFO: account createdACC101
May 11, 2026 11:22:58 AM util.LoggerUtil info
INFO: creating started
May 11, 2026 11:22:58 AM util.LoggerUtil info
INFO: account createdACC102
May 11, 2026 11:22:58 AM util.LoggerUtil info
INFO: reading account ACC102
May 11, 2026 11:23:50 AM util.LoggerUtil info
INFO: Application Started
May 11, 2026 11:23:50 AM util.LoggerUtil info
INFO: creating started
May 11, 2026 11:23:50 AM util.LoggerUtil info
INFO: account createdACC101
May 11, 2026 11:23:50 AM util.LoggerUtil info
INFO: creating started
May 11, 2026 11:23:50 AM util.LoggerUtil info
INFO: account createdACC102
May 11, 2026 11:23:50 AM util.LoggerUtil info
INFO: reading account ACC102
May 11, 2026 11:27:15 AM util.LoggerUtil info
INFO: Application Started
May 11, 2026 11:27:15 AM util.LoggerUtil info
INFO: creating started
May 11, 2026 11:27:15 AM util.LoggerUtil info
INFO: account createdACC101
May 11, 2026 11:27:15 AM util.LoggerUtil info
INFO: creating started
May 11, 2026 11:27:15 AM util.LoggerUtil info
INFO: account createdACC102
May 11, 2026 11:27:15 AM util.LoggerUtil info
INFO: reading account ACC102
May 11, 2026 11:27:59 AM util.LoggerUtil info
INFO: Application Started
May 11, 2026 11:27:59 AM util.LoggerUtil info
INFO: creating started
May 11, 2026 11:27:59 AM util.LoggerUtil info
INFO: account createdACC101
May 11, 2026 11:27:59 AM util.LoggerUtil info
INFO: creating started
May 11, 2026 11:27:59 AM util.LoggerUtil info
INFO: account createdACC102
May 11, 2026 11:27:59 AM util.LoggerUtil info
INFO: reading account ACC102
May 11, 2026 11:28:20 AM util.LoggerUtil info
INFO: Application Started
May 11, 2026 11:28:20 AM util.LoggerUtil info
INFO: creating started
May 11, 2026 11:28:20 AM util.LoggerUtil info
INFO: account createdACC101
May 11, 2026 11:28:20 AM util.LoggerUtil info
INFO: creating started
May 11, 2026 11:28:20 AM util.LoggerUtil info
INFO: account createdACC102
May 11, 2026 11:28:20 AM util.LoggerUtil info
INFO: reading account ACC102
May 11, 2026 11:29:26 AM util.LoggerUtil info
INFO: Application Started
May 11, 2026 11:29:27 AM util.LoggerUtil info
INFO: creating started
May 11, 2026 11:29:27 AM util.LoggerUtil info
INFO: account createdACC101
May 11, 2026 11:29:27 AM util.LoggerUtil info
INFO: creating started
May 11, 2026 11:29:27 AM util.LoggerUtil info
INFO: account createdACC102
May 11, 2026 11:29:27 AM util.LoggerUtil info
INFO: reading account ACC102
May 11, 2026 11:29:27 AM util.LoggerUtil error
SEVERE: No enum constant enums.AccountType.ACTIVE
May 11, 2026 11:30:31 AM util.LoggerUtil info
INFO: Application Started
May 11, 2026 11:30:31 AM util.LoggerUtil info
INFO: creating started
May 11, 2026 11:30:31 AM util.LoggerUtil info
INFO: account createdACC101
May 11, 2026 11:30:31 AM util.LoggerUtil info
INFO: creating started
May 11, 2026 11:30:31 AM util.LoggerUtil info
INFO: account createdACC102
May 11, 2026 11:30:31 AM util.LoggerUtil info
INFO: reading account ACC102
May 11, 2026 11:30:31 AM util.LoggerUtil error
SEVERE: No enum constant enums.AccountType.ACTIVE
May 11, 2026 11:47:00 AM util.LoggerUtil info
INFO: Application Started
May 11, 2026 11:47:00 AM util.LoggerUtil info
INFO: creating started
May 11, 2026 11:47:00 AM util.LoggerUtil info
INFO: account created ACC101
May 11, 2026 11:47:00 AM util.LoggerUtil info
INFO: creating started
May 11, 2026 11:47:00 AM util.LoggerUtil info
INFO: account created ACC102
May 11, 2026 11:47:00 AM util.LoggerUtil info
INFO: reading account ACC102
May 11, 2026 11:47:00 AM util.LoggerUtil error
SEVERE: No enum constant enums.AccountType.ACTIVE
May 11, 2026 2:31:47 PM util.LoggerUtil info
INFO: Application Started
May 11, 2026 2:31:47 PM util.LoggerUtil info
INFO: creating started
May 11, 2026 2:31:47 PM util.LoggerUtil info
INFO: account created ACC101
May 11, 2026 2:31:47 PM util.LoggerUtil info
INFO: creating started
May 11, 2026 2:31:47 PM util.LoggerUtil info
INFO: account created ACC102
May 11, 2026 2:31:47 PM util.LoggerUtil info
INFO: reading account ACC102
May 11, 2026 2:31:47 PM util.LoggerUtil error
SEVERE: No enum constant enums.AccountType.ACTIVE
May 11, 2026 2:45:21 PM util.LoggerUtil info
INFO: Application Started
May 11, 2026 2:45:22 PM util.LoggerUtil info
INFO: creating started
May 11, 2026 2:45:22 PM util.LoggerUtil info
INFO: reading account ACC101
May 11, 2026 2:45:22 PM util.LoggerUtil error
SEVERE: No enum constant enums.AccountType.ACTIVE
May 11, 2026 2:45:38 PM util.LoggerUtil info
INFO: Application Started
May 11, 2026 2:45:38 PM util.LoggerUtil info
INFO: creating started
May 11, 2026 2:45:38 PM util.LoggerUtil info
INFO: reading account ACC101
May 11, 2026 2:45:38 PM util.LoggerUtil error
SEVERE: Account not found ACC101
May 11, 2026 2:45:38 PM util.LoggerUtil info
INFO: account created ACC101
May 11, 2026 2:45:38 PM util.LoggerUtil info
INFO: creating started
May 11, 2026 2:45:38 PM util.LoggerUtil info
INFO: reading account ACC102
May 11, 2026 2:45:38 PM util.LoggerUtil error
SEVERE: Account not found ACC102
May 11, 2026 2:45:38 PM util.LoggerUtil info
INFO: account created ACC102
May 11, 2026 2:45:38 PM util.LoggerUtil info
INFO: reading account ACC102
May 11, 2026 2:45:38 PM util.LoggerUtil info
INFO: Account found
May 11, 2026 2:45:38 PM util.LoggerUtil info
INFO: listing all accounts
May 11, 2026 2:45:38 PM util.LoggerUtil info
INFO: Account Record: ACC101|Arun|1500.0|SAVINGS|ACTIVE
May 11, 2026 2:45:38 PM util.LoggerUtil info
INFO: Account Record: ACC102|Arjun|2500.0|SAVINGS|ACTIVE
May 11, 2026 2:45:38 PM util.LoggerUtil info
INFO: Application Finished
May 11, 2026 3:01:58 PM util.LoggerUtil info
INFO: Application Started
May 11, 2026 3:01:58 PM util.LoggerUtil info
INFO: creating accounts started
May 11, 2026 3:01:58 PM util.LoggerUtil info
INFO: reading account ACC101
May 11, 2026 3:01:58 PM util.LoggerUtil info
INFO: Account found
May 11, 2026 3:01:58 PM util.LoggerUtil error
SEVERE: duplicate accountACC101
May 11, 2026 3:01:58 PM util.LoggerUtil error
SEVERE: account already exixtsACC101
May 11, 2026 3:01:58 PM util.LoggerUtil info
INFO: reading account ACC102
May 11, 2026 3:01:58 PM util.LoggerUtil info
INFO: Account found
May 11, 2026 3:01:58 PM util.LoggerUtil info
INFO: listing all accounts
May 11, 2026 3:01:58 PM util.LoggerUtil info
INFO: Account Record: ACC101|Arun|1500.0|SAVINGS|ACTIVE
May 11, 2026 3:01:58 PM util.LoggerUtil info
INFO: Account Record: ACC102|Arjun|2500.0|SAVINGS|ACTIVE
May 11, 2026 3:01:58 PM util.LoggerUtil info
INFO: Application Finished
May 11, 2026 3:03:50 PM util.LoggerUtil info
INFO: Application Started
May 11, 2026 3:03:50 PM util.LoggerUtil info
INFO: creating accounts started
May 11, 2026 3:03:50 PM util.LoggerUtil info
INFO: reading account ACC103
May 11, 2026 3:03:50 PM util.LoggerUtil error
SEVERE: Account not found ACC103
May 11, 2026 3:03:50 PM util.LoggerUtil info
INFO: account created ACC103
May 11, 2026 3:03:50 PM util.LoggerUtil info
INFO: creating accounts started
May 11, 2026 3:03:50 PM util.LoggerUtil info
INFO: reading account ACC101
May 11, 2026 3:03:50 PM util.LoggerUtil info
INFO: Account found
May 11, 2026 3:03:50 PM util.LoggerUtil error
SEVERE: duplicate accountACC101
May 11, 2026 3:03:50 PM util.LoggerUtil error
SEVERE: account already exixtsACC101
May 11, 2026 3:03:50 PM util.LoggerUtil info
INFO: reading account ACC102
May 11, 2026 3:03:50 PM util.LoggerUtil info
INFO: Account found
May 11, 2026 3:03:50 PM util.LoggerUtil info
INFO: listing all accounts
May 11, 2026 3:03:50 PM util.LoggerUtil info
INFO: Account Record: ACC101|Arun|1500.0|SAVINGS|ACTIVE
May 11, 2026 3:03:50 PM util.LoggerUtil info
INFO: Account Record: ACC102|Arjun|2500.0|SAVINGS|ACTIVE
May 11, 2026 3:03:50 PM util.LoggerUtil info
INFO: Account Record: ACC103|Sarjun|4500.0|CURRENT|ACTIVE
May 11, 2026 3:03:50 PM util.LoggerUtil info
INFO: Application Finished
May 11, 2026 3:27:53 PM util.LoggerUtil info
INFO: Application Started
May 11, 2026 3:27:53 PM util.LoggerUtil info
INFO: creating accounts started
May 11, 2026 3:27:53 PM util.LoggerUtil info
INFO: reading account ACC101
May 11, 2026 3:27:53 PM util.LoggerUtil info
INFO: Account found
May 11, 2026 3:27:53 PM util.LoggerUtil error
SEVERE: duplicate accountACC101
May 11, 2026 3:27:53 PM util.LoggerUtil error
SEVERE: account already exixtsACC101
May 11, 2026 3:27:53 PM util.LoggerUtil info
INFO: creating accounts started
May 11, 2026 3:27:53 PM util.LoggerUtil info
INFO: reading account ACC102
May 11, 2026 3:27:53 PM util.LoggerUtil info
INFO: Account found
May 11, 2026 3:27:53 PM util.LoggerUtil error
SEVERE: duplicate accountACC102
May 11, 2026 3:27:53 PM util.LoggerUtil error
SEVERE: account already exixtsACC102
May 11, 2026 3:27:53 PM util.LoggerUtil info
INFO: creating accounts started
May 11, 2026 3:27:53 PM util.LoggerUtil info
INFO: reading account ACC103
May 11, 2026 3:27:53 PM util.LoggerUtil info
INFO: Account found
May 11, 2026 3:27:53 PM util.LoggerUtil error
SEVERE: duplicate accountACC103
May 11, 2026 3:27:53 PM util.LoggerUtil error
SEVERE: account already exixtsACC103
May 11, 2026 3:27:53 PM util.LoggerUtil info
INFO: creating accounts started
May 11, 2026 3:27:53 PM util.LoggerUtil info
INFO: reading account ACC101
May 11, 2026 3:27:53 PM util.LoggerUtil info
INFO: Account found
May 11, 2026 3:27:53 PM util.LoggerUtil error
SEVERE: duplicate accountACC101
May 11, 2026 3:27:53 PM util.LoggerUtil error
SEVERE: Duplicate Test: account already exixtsACC101
May 11, 2026 3:27:53 PM util.LoggerUtil info
INFO: reading account ACC102
May 11, 2026 3:27:53 PM util.LoggerUtil info
INFO: Account found
May 11, 2026 3:27:53 PM util.LoggerUtil info
INFO: update started for ACC102
May 11, 2026 3:27:53 PM util.LoggerUtil info
INFO: account exists ACC102
May 11, 2026 3:27:53 PM util.LoggerUtil info
INFO: balance updated successfully 5000.0
May 11, 2026 3:27:53 PM util.LoggerUtil info
INFO: temp file renamed
May 11, 2026 3:27:53 PM util.LoggerUtil info
INFO: ACC102 updated
May 11, 2026 3:27:53 PM util.LoggerUtil info
INFO: listing all accounts
May 11, 2026 3:27:53 PM util.LoggerUtil info
INFO: Account Record: ACC101|Arun|1500.0|SAVINGS|ACTIVE
May 11, 2026 3:27:53 PM util.LoggerUtil info
INFO: Account Record: ACC102|Arjun|5000.0|SAVINGS|ACTIVE
May 11, 2026 3:27:53 PM util.LoggerUtil info
INFO: Account Record: ACC103|Sarjun|4500.0|CURRENT|ACTIVE
May 11, 2026 3:27:53 PM util.LoggerUtil info
INFO: delete started for ACC101
May 11, 2026 3:27:53 PM util.LoggerUtil info
INFO: account deleted ACC101
May 11, 2026 3:27:53 PM util.LoggerUtil info
INFO: temp file renamed
May 11, 2026 3:27:53 PM util.LoggerUtil info
INFO: ACC101 deleted
May 11, 2026 3:27:53 PM util.LoggerUtil info
INFO: listing all accounts
May 11, 2026 3:27:53 PM util.LoggerUtil info
INFO: Application Finished
May 12, 2026 11:43:21 AM util.LoggerUtil info
INFO: Application Started
May 12, 2026 11:43:21 AM util.LoggerUtil info
INFO: creating accounts started
May 12, 2026 11:43:21 AM util.LoggerUtil info
INFO: reading account ACC101
May 12, 2026 11:43:21 AM util.LoggerUtil error
SEVERE: Account not found ACC101
May 12, 2026 11:43:21 AM util.LoggerUtil info
INFO: account created ACC101
May 12, 2026 11:43:21 AM util.LoggerUtil info
INFO: creating accounts started
May 12, 2026 11:43:21 AM util.LoggerUtil info
INFO: reading account ACC102
May 12, 2026 11:43:21 AM util.LoggerUtil info
INFO: Account found
May 12, 2026 11:43:21 AM util.LoggerUtil error
SEVERE: duplicate accountACC102
May 12, 2026 11:43:21 AM util.LoggerUtil error
SEVERE: account already exixtsACC102
May 12, 2026 11:43:21 AM util.LoggerUtil info
INFO: creating accounts started
May 12, 2026 11:43:21 AM util.LoggerUtil info
INFO: reading account ACC103
May 12, 2026 11:43:21 AM util.LoggerUtil info
INFO: Account found
May 12, 2026 11:43:21 AM util.LoggerUtil error
SEVERE: duplicate accountACC103
May 12, 2026 11:43:21 AM util.LoggerUtil error
SEVERE: account already exixtsACC103
May 12, 2026 11:43:21 AM util.LoggerUtil info
INFO: creating accounts started
May 12, 2026 11:43:21 AM util.LoggerUtil info
INFO: reading account ACC101
May 12, 2026 11:43:21 AM util.LoggerUtil info
INFO: Account found
May 12, 2026 11:43:21 AM util.LoggerUtil error
SEVERE: duplicate accountACC101
May 12, 2026 11:43:21 AM util.LoggerUtil error
SEVERE: Duplicate Test: account already exixtsACC101
May 12, 2026 11:43:21 AM util.LoggerUtil info
INFO: reading account ACC102
May 12, 2026 11:43:21 AM util.LoggerUtil info
INFO: Account found
May 12, 2026 11:43:21 AM util.LoggerUtil info
INFO: update started for ACC102
May 12, 2026 11:43:21 AM util.LoggerUtil info
INFO: account exists ACC102
May 12, 2026 11:43:21 AM util.LoggerUtil info
INFO: balance updated successfully 5000.0
May 12, 2026 11:43:21 AM util.LoggerUtil info
INFO: temp file renamed
May 12, 2026 11:43:21 AM util.LoggerUtil info
INFO: ACC102 updated
May 12, 2026 11:43:21 AM util.LoggerUtil info
INFO: listing all accounts
May 12, 2026 11:43:21 AM util.LoggerUtil info
INFO: Account Record: ACC102|Arjun|5000.0|SAVINGS|ACTIVE
May 12, 2026 11:43:22 AM util.LoggerUtil info
INFO: Account Record: ACC103|Sarjun|4500.0|CURRENT|ACTIVE
May 12, 2026 11:43:22 AM util.LoggerUtil info
INFO: Account Record: ACC101|Arun|1500.0|SAVINGS|ACTIVE
May 12, 2026 11:43:22 AM util.LoggerUtil info
INFO: delete started for ACC101
May 12, 2026 11:43:22 AM util.LoggerUtil info
INFO: account deleted ACC101
May 12, 2026 11:43:22 AM util.LoggerUtil info
INFO: temp file renamed
May 12, 2026 11:43:22 AM util.LoggerUtil info
INFO: ACC101 deleted
May 12, 2026 11:43:22 AM util.LoggerUtil info
INFO: listing all accounts
May 12, 2026 11:43:22 AM util.LoggerUtil info
INFO: Application Finished
May 12, 2026 11:43:36 AM util.LoggerUtil info
INFO: Application Started
May 12, 2026 11:43:36 AM util.LoggerUtil info
INFO: creating accounts started
May 12, 2026 11:43:36 AM util.LoggerUtil info
INFO: reading account ACC101
May 12, 2026 11:43:36 AM util.LoggerUtil error
SEVERE: Account not found ACC101
May 12, 2026 11:43:36 AM util.LoggerUtil info
INFO: account created ACC101
May 12, 2026 11:43:36 AM util.LoggerUtil info
INFO: creating accounts started
May 12, 2026 11:43:36 AM util.LoggerUtil info
INFO: reading account ACC102
May 12, 2026 11:43:36 AM util.LoggerUtil info
INFO: Account found
May 12, 2026 11:43:36 AM util.LoggerUtil error
SEVERE: duplicate accountACC102
May 12, 2026 11:43:36 AM util.LoggerUtil error
SEVERE: account already exixtsACC102
May 12, 2026 11:43:36 AM util.LoggerUtil info
INFO: creating accounts started
May 12, 2026 11:43:36 AM util.LoggerUtil info
INFO: reading account ACC103
May 12, 2026 11:43:36 AM util.LoggerUtil info
INFO: Account found
May 12, 2026 11:43:36 AM util.LoggerUtil error
SEVERE: duplicate accountACC103
May 12, 2026 11:43:36 AM util.LoggerUtil error
SEVERE: account already exixtsACC103
May 12, 2026 11:43:36 AM util.LoggerUtil info
INFO: creating accounts started
May 12, 2026 11:43:36 AM util.LoggerUtil info
INFO: reading account ACC101
May 12, 2026 11:43:36 AM util.LoggerUtil info
INFO: Account found
May 12, 2026 11:43:36 AM util.LoggerUtil error
SEVERE: duplicate accountACC101
May 12, 2026 11:43:36 AM util.LoggerUtil error
SEVERE: Duplicate Test: account already exixtsACC101
May 12, 2026 11:43:36 AM util.LoggerUtil info
INFO: reading account ACC102
May 12, 2026 11:43:36 AM util.LoggerUtil info
INFO: Account found
May 12, 2026 11:43:36 AM util.LoggerUtil info
INFO: update started for ACC102
May 12, 2026 11:43:36 AM util.LoggerUtil info
INFO: account exists ACC102
May 12, 2026 11:43:36 AM util.LoggerUtil info
INFO: balance updated successfully 5000.0
May 12, 2026 11:43:37 AM util.LoggerUtil info
INFO: temp file renamed
May 12, 2026 11:43:37 AM util.LoggerUtil info
INFO: ACC102 updated
May 12, 2026 11:43:37 AM util.LoggerUtil info
INFO: listing all accounts
May 12, 2026 11:43:37 AM util.LoggerUtil info
INFO: Account Record: ACC102|Arjun|5000.0|SAVINGS|ACTIVE
May 12, 2026 11:43:37 AM util.LoggerUtil info
INFO: Account Record: ACC103|Sarjun|4500.0|CURRENT|ACTIVE
May 12, 2026 11:43:37 AM util.LoggerUtil info
INFO: Account Record: ACC101|Arun|1500.0|SAVINGS|ACTIVE
May 12, 2026 11:43:37 AM util.LoggerUtil info
INFO: delete started for ACC101
May 12, 2026 11:43:37 AM util.LoggerUtil info
INFO: account deleted ACC101
May 12, 2026 11:43:37 AM util.LoggerUtil info
INFO: temp file renamed
May 12, 2026 11:43:37 AM util.LoggerUtil info
INFO: ACC101 deleted
May 12, 2026 11:43:37 AM util.LoggerUtil info
INFO: listing all accounts
May 12, 2026 11:43:37 AM util.LoggerUtil info
INFO: Application Finished
May 12, 2026 11:51:37 AM util.LoggerUtil info
INFO: Application Started
May 12, 2026 11:51:37 AM util.LoggerUtil error
SEVERE: Invalid operation: ACC101|Arun|1500.00|SAVINGS|ACTIVE
May 12, 2026 11:51:37 AM util.LoggerUtil error
SEVERE: Invalid operation: ACC102|Arjun|2500.00|SAVINGS|ACTIVE
May 12, 2026 11:51:37 AM util.LoggerUtil error
SEVERE: Invalid operation: ACC103|Sarjun|4500.00|CURRENT|ACTIVE
May 12, 2026 11:51:37 AM util.LoggerUtil error
SEVERE: Invalid operation: ACC104|Priya|7000.00|SAVINGS|INACTIVE
May 12, 2026 11:51:37 AM util.LoggerUtil error
SEVERE: Invalid operation: ACC105|Ravi|9000.00|CURRENT|ACTIVE
May 12, 2026 11:51:37 AM util.LoggerUtil info
INFO: Application Finished
May 12, 2026 11:51:40 AM util.LoggerUtil info
INFO: Application Started
May 12, 2026 11:51:40 AM util.LoggerUtil error
SEVERE: Invalid operation: ACC101|Arun|1500.00|SAVINGS|ACTIVE
May 12, 2026 11:51:40 AM util.LoggerUtil error
SEVERE: Invalid operation: ACC102|Arjun|2500.00|SAVINGS|ACTIVE
May 12, 2026 11:51:40 AM util.LoggerUtil error
SEVERE: Invalid operation: ACC103|Sarjun|4500.00|CURRENT|ACTIVE
May 12, 2026 11:51:40 AM util.LoggerUtil error
SEVERE: Invalid operation: ACC104|Priya|7000.00|SAVINGS|INACTIVE
May 12, 2026 11:51:40 AM util.LoggerUtil error
SEVERE: Invalid operation: ACC105|Ravi|9000.00|CURRENT|ACTIVE
May 12, 2026 11:51:40 AM util.LoggerUtil info
INFO: Application Finished
May 12, 2026 11:52:53 AM util.LoggerUtil info
INFO: Application Started
May 12, 2026 11:52:53 AM util.LoggerUtil info
INFO: creating accounts started
May 12, 2026 11:52:53 AM util.LoggerUtil info
INFO: reading account ACC101
May 12, 2026 2:11:48 PM util.LoggerUtil info
INFO: account created successfullyACC111
May 13, 2026 9:31:08 AM util.LoggerUtil info
INFO: account created successfullyACC113
